Archive member included to satisfy reference by file (symbol)

e:/gd32vf103/nucleistudio_ide_201909/nucleistudio/toolchain/risc-v embedded gcc/bin/../lib/gcc/riscv-none-embed/8.2.0/rv32imac/ilp32\libgcc.a(divdf3.o)
                              ./Application/systick.o (__divdf3)
e:/gd32vf103/nucleistudio_ide_201909/nucleistudio/toolchain/risc-v embedded gcc/bin/../lib/gcc/riscv-none-embed/8.2.0/rv32imac/ilp32\libgcc.a(ledf2.o)
                              ./Application/systick.o (__ltdf2)
e:/gd32vf103/nucleistudio_ide_201909/nucleistudio/toolchain/risc-v embedded gcc/bin/../lib/gcc/riscv-none-embed/8.2.0/rv32imac/ilp32\libgcc.a(muldf3.o)
                              ./Application/systick.o (__muldf3)
e:/gd32vf103/nucleistudio_ide_201909/nucleistudio/toolchain/risc-v embedded gcc/bin/../lib/gcc/riscv-none-embed/8.2.0/rv32imac/ilp32\libgcc.a(floatunsidf.o)
                              ./Application/systick.o (__floatunsidf)
e:/gd32vf103/nucleistudio_ide_201909/nucleistudio/toolchain/risc-v embedded gcc/bin/../lib/gcc/riscv-none-embed/8.2.0/rv32imac/ilp32\libgcc.a(floatundidf.o)
                              ./Application/systick.o (__floatundidf)
e:/gd32vf103/nucleistudio_ide_201909/nucleistudio/toolchain/risc-v embedded gcc/bin/../lib/gcc/riscv-none-embed/8.2.0/rv32imac/ilp32\libgcc.a(mulsf3.o)
                              ./Application/lcd/lcd.o (__mulsf3)
e:/gd32vf103/nucleistudio_ide_201909/nucleistudio/toolchain/risc-v embedded gcc/bin/../lib/gcc/riscv-none-embed/8.2.0/rv32imac/ilp32\libgcc.a(fixunssfsi.o)
                              ./Application/lcd/lcd.o (__fixunssfsi)
e:/gd32vf103/nucleistudio_ide_201909/nucleistudio/toolchain/risc-v embedded gcc/bin/../lib/gcc/riscv-none-embed/8.2.0/rv32imac/ilp32\libgcc.a(_clzsi2.o)
                              e:/gd32vf103/nucleistudio_ide_201909/nucleistudio/toolchain/risc-v embedded gcc/bin/../lib/gcc/riscv-none-embed/8.2.0/rv32imac/ilp32\libgcc.a(divdf3.o) (__clzsi2)
e:/gd32vf103/nucleistudio_ide_201909/nucleistudio/toolchain/risc-v embedded gcc/bin/../lib/gcc/riscv-none-embed/8.2.0/rv32imac/ilp32\libgcc.a(_clz.o)
                              e:/gd32vf103/nucleistudio_ide_201909/nucleistudio/toolchain/risc-v embedded gcc/bin/../lib/gcc/riscv-none-embed/8.2.0/rv32imac/ilp32\libgcc.a(_clzsi2.o) (__clz_tab)
e:/gd32vf103/nucleistudio_ide_201909/nucleistudio/toolchain/risc-v embedded gcc/bin/../lib/gcc/riscv-none-embed/8.2.0/../../../../riscv-none-embed/lib/rv32imac/ilp32\libg_nano.a(lib_a-atexit.o)
                              ./RISCV/env_Eclipse/start.o (atexit)
e:/gd32vf103/nucleistudio_ide_201909/nucleistudio/toolchain/risc-v embedded gcc/bin/../lib/gcc/riscv-none-embed/8.2.0/../../../../riscv-none-embed/lib/rv32imac/ilp32\libg_nano.a(lib_a-exit.o)
                              ./RISCV/env_Eclipse/start.o (exit)
e:/gd32vf103/nucleistudio_ide_201909/nucleistudio/toolchain/risc-v embedded gcc/bin/../lib/gcc/riscv-none-embed/8.2.0/../../../../riscv-none-embed/lib/rv32imac/ilp32\libg_nano.a(lib_a-fini.o)
                              ./RISCV/env_Eclipse/start.o (__libc_fini_array)
e:/gd32vf103/nucleistudio_ide_201909/nucleistudio/toolchain/risc-v embedded gcc/bin/../lib/gcc/riscv-none-embed/8.2.0/../../../../riscv-none-embed/lib/rv32imac/ilp32\libg_nano.a(lib_a-impure.o)
                              e:/gd32vf103/nucleistudio_ide_201909/nucleistudio/toolchain/risc-v embedded gcc/bin/../lib/gcc/riscv-none-embed/8.2.0/../../../../riscv-none-embed/lib/rv32imac/ilp32\libg_nano.a(lib_a-exit.o) (_global_impure_ptr)
e:/gd32vf103/nucleistudio_ide_201909/nucleistudio/toolchain/risc-v embedded gcc/bin/../lib/gcc/riscv-none-embed/8.2.0/../../../../riscv-none-embed/lib/rv32imac/ilp32\libg_nano.a(lib_a-init.o)
                              ./RISCV/env_Eclipse/start.o (__libc_init_array)
e:/gd32vf103/nucleistudio_ide_201909/nucleistudio/toolchain/risc-v embedded gcc/bin/../lib/gcc/riscv-none-embed/8.2.0/../../../../riscv-none-embed/lib/rv32imac/ilp32\libg_nano.a(lib_a-memcpy.o)
                              ./RISCV/stubs/_exit.o (memcpy)
e:/gd32vf103/nucleistudio_ide_201909/nucleistudio/toolchain/risc-v embedded gcc/bin/../lib/gcc/riscv-none-embed/8.2.0/../../../../riscv-none-embed/lib/rv32imac/ilp32\libg_nano.a(lib_a-printf.o)
                              ./Application/main.o (printf)
e:/gd32vf103/nucleistudio_ide_201909/nucleistudio/toolchain/risc-v embedded gcc/bin/../lib/gcc/riscv-none-embed/8.2.0/../../../../riscv-none-embed/lib/rv32imac/ilp32\libg_nano.a(lib_a-strlen.o)
                              ./RISCV/stubs/write.o (strlen)
e:/gd32vf103/nucleistudio_ide_201909/nucleistudio/toolchain/risc-v embedded gcc/bin/../lib/gcc/riscv-none-embed/8.2.0/../../../../riscv-none-embed/lib/rv32imac/ilp32\libg_nano.a(lib_a-sysisatty.o)
                              ./RISCV/stubs/fstat.o (isatty)
[...]
Memory Configuration

Name             Origin             Length             Attributes
flash            0x0000000008000000 0x0000000000020000 axrl !w
ram              0x0000000020000000 0x0000000000008000 axw !rl
*default*        0x0000000000000000 0xffffffffffffffff

Linker script and memory map

LOAD ./RISCV/stubs/_exit.o
LOAD ./RISCV/stubs/close.o
LOAD ./RISCV/stubs/fstat.o
LOAD ./RISCV/stubs/isatty.o
LOAD ./RISCV/stubs/lseek.o
LOAD ./RISCV/stubs/read.o
LOAD ./RISCV/stubs/sbrk.o
LOAD ./RISCV/stubs/write.o
LOAD ./RISCV/stubs/write_hex.o
LOAD ./RISCV/env_Eclipse/entry.o
LOAD ./RISCV/env_Eclipse/handlers.o
LOAD ./RISCV/env_Eclipse/init.o
LOAD ./RISCV/env_Eclipse/start.o
LOAD ./RISCV/env_Eclipse/your_printf.o
LOAD ./RISCV/drivers/n200_func.o
LOAD ./Peripherals/Source/gd32vf103_adc.o
LOAD ./Peripherals/Source/gd32vf103_bkp.o
LOAD ./Peripherals/Source/gd32vf103_can.o
LOAD ./Peripherals/Source/gd32vf103_crc.o
LOAD ./Peripherals/Source/gd32vf103_dac.o
LOAD ./Peripherals/Source/gd32vf103_dbg.o
LOAD ./Peripherals/Source/gd32vf103_dma.o
LOAD ./Peripherals/Source/gd32vf103_eclic.o
LOAD ./Peripherals/Source/gd32vf103_exmc.o
LOAD ./Peripherals/Source/gd32vf103_exti.o
LOAD ./Peripherals/Source/gd32vf103_fmc.o
LOAD ./Peripherals/Source/gd32vf103_fwdgt.o
LOAD ./Peripherals/Source/gd32vf103_gpio.o
LOAD ./Peripherals/Source/gd32vf103_i2c.o
LOAD ./Peripherals/Source/gd32vf103_pmu.o
LOAD ./Peripherals/Source/gd32vf103_rcu.o
LOAD ./Peripherals/Source/gd32vf103_rtc.o
LOAD ./Peripherals/Source/gd32vf103_spi.o
LOAD ./Peripherals/Source/gd32vf103_timer.o
LOAD ./Peripherals/Source/gd32vf103_usart.o
LOAD ./Peripherals/Source/gd32vf103_wwdgt.o
LOAD ./Peripherals/system_gd32vf103.o
LOAD ./Application/lcd/lcd.o
LOAD ./Application/fatfs/ff.o
LOAD ./Application/fatfs/ffsystem.o
LOAD ./Application/fatfs/ffunicode.o
LOAD ./Application/fatfs/tf_card.o
LOAD ./Application/main.o
LOAD ./Application/systick.o
LOAD e:/gd32vf103/nucleistudio_ide_201909/nucleistudio/toolchain/risc-v embedded gcc/bin/../lib/gcc/riscv-none-embed/8.2.0/../../../../riscv-none-embed/lib/rv32imac/ilp32\libstdc++_nano.a
LOAD e:/gd32vf103/nucleistudio_ide_201909/nucleistudio/toolchain/risc-v embedded gcc/bin/../lib/gcc/riscv-none-embed/8.2.0/../../../../riscv-none-embed/lib/rv32imac/ilp32\libm.a
LOAD e:/gd32vf103/nucleistudio_ide_201909/nucleistudio/toolchain/risc-v embedded gcc/bin/../lib/gcc/riscv-none-embed/8.2.0/rv32imac/ilp32\libgcc.a
LOAD e:/gd32vf103/nucleistudio_ide_201909/nucleistudio/toolchain/risc-v embedded gcc/bin/../lib/gcc/riscv-none-embed/8.2.0/../../../../riscv-none-embed/lib/rv32imac/ilp32\libg_nano.a
LOAD e:/gd32vf103/nucleistudio_ide_201909/nucleistudio/toolchain/risc-v embedded gcc/bin/../lib/gcc/riscv-none-embed/8.2.0/../../../../riscv-none-embed/lib/rv32imac/ilp32\libc_nano.a
LOAD e:/gd32vf103/nucleistudio_ide_201909/nucleistudio/toolchain/risc-v embedded gcc/bin/../lib/gcc/riscv-none-embed/8.2.0/rv32imac/ilp32\libgcc.a
START GROUP
LOAD e:/gd32vf103/nucleistudio_ide_201909/nucleistudio/toolchain/risc-v embedded gcc/bin/../lib/gcc/riscv-none-embed/8.2.0/rv32imac/ilp32\libgcc.a
LOAD e:/gd32vf103/nucleistudio_ide_201909/nucleistudio/toolchain/risc-v embedded gcc/bin/../lib/gcc/riscv-none-embed/8.2.0/../../../../riscv-none-embed/lib/rv32imac/ilp32\libc_nano.a
END GROUP
                0x0000000000000800                __stack_size = DEFINED (__stack_size)?__stack_size:0x800

.init           0x0000000008000000      0x23c
 *(SORT_NONE(.init))
 .init          0x0000000008000000      0x23c ./RISCV/env_Eclipse/start.o
                0x000000000800015c                _start
                0x000000000800022e                disable_mcycle_minstret
                0x0000000008000234                enable_mcycle_minstret

.ilalign        0x000000000800023c        0x0
                0x000000000800023c                . = ALIGN (0x4)
                [!provide]                        PROVIDE (_ilm_lma = .)

.ialign         0x000000000800023c        0x0
                [!provide]                        PROVIDE (_ilm = .)

.text           0x0000000008000240     0x512c
 *(.rodata .rodata.*)
 .rodata._exit.str1.4
                0x0000000008000240       0x1f ./RISCV/stubs/_exit.o
                                         0x23 (size before relaxing)
 *fill*         0x000000000800025f        0x1 
 .rodata.write_hex.str1.4
                0x0000000008000260        0x3 ./RISCV/stubs/write_hex.o
 *fill*         0x0000000008000263        0x1 
 .rodata.handle_nmi.str1.4
                0x0000000008000264        0x5 ./RISCV/env_Eclipse/handlers.o
 *fill*         0x0000000008000269        0x3 
 .rodata.handle_trap.str1.4
                0x000000000800026c        0x6 ./RISCV/env_Eclipse/handlers.o
 *fill*         0x0000000008000272        0x2 
 .rodata        0x0000000008000274       0x10 ./Peripherals/Source/gd32vf103_rcu.o
 .rodata.asc2_1608
                0x0000000008000284      0x5f0 ./Application/lcd/lcd.o
                0x0000000008000284                asc2_1608
 .rodata.check_fs.str1.4
                0x0000000008000874        0xa ./Application/fatfs/ff.o
 *fill*         0x000000000800087e        0x2 
 .rodata.f_open.str1.4
                0x0000000008000880        0xf ./Application/fatfs/ff.o
 *fill*         0x000000000800088f        0x1 
 .rodata.main.str1.4
                0x0000000008000890       0x32 ./Application/main.o
                                         0x36 (size before relaxing)
 *fill*         0x00000000080008c2        0x6 
 .rodata.delay_1ms.cst8
                0x00000000080008c8        0x8 ./Application/systick.o
 .rodata.__divdf3
                0x00000000080008d0       0x40 e:/gd32vf103/nucleistudio_ide_201909/nucleistudio/toolchain/risc-v embedded gcc/bin/../lib/gcc/riscv-none-embed/8.2.0/rv32imac/ilp32\libgcc.a(divdf3.o)
 .rodata.__muldf3
                0x0000000008000910       0x40 e:/gd32vf103/nucleistudio_ide_201909/nucleistudio/toolchain/risc-v embedded gcc/bin/../lib/gcc/riscv-none-embed/8.2.0/rv32imac/ilp32\libgcc.a(muldf3.o)
 .rodata.__clz_tab
                0x0000000008000950      0x100 e:/gd32vf103/nucleistudio_ide_201909/nucleistudio/toolchain/risc-v embedded gcc/bin/../lib/gcc/riscv-none-embed/8.2.0/rv32imac/ilp32\libgcc.a(_clz.o)
                0x0000000008000950                __clz_tab
 .rodata.__sf_fake_stderr
                0x0000000008000a50       0x20 e:/gd32vf103/nucleistudio_ide_201909/nucleistudio/toolchain/risc-v embedded gcc/bin/../lib/gcc/riscv-none-embed/8.2.0/../../../../riscv-none-embed/lib/rv32imac/ilp32\libg_nano.a(lib_a-findfp.o)
                0x0000000008000a50                __sf_fake_stderr
 .rodata.__sf_fake_stdin
                0x0000000008000a70       0x20 e:/gd32vf103/nucleistudio_ide_201909/nucleistudio/toolchain/risc-v embedded gcc/bin/../lib/gcc/riscv-none-embed/8.2.0/../../../../riscv-none-embed/lib/rv32imac/ilp32\libg_nano.a(lib_a-findfp.o)
                0x0000000008000a70                __sf_fake_stdin
 .rodata.__sf_fake_stdout
                0x0000000008000a90       0x20 e:/gd32vf103/nucleistudio_ide_201909/nucleistudio/toolchain/risc-v embedded gcc/bin/../lib/gcc/riscv-none-embed/8.2.0/../../../../riscv-none-embed/lib/rv32imac/ilp32\libg_nano.a(lib_a-findfp.o)
                0x0000000008000a90                __sf_fake_stdout
 .rodata._vfprintf_r.str1.4
                0x0000000008000ab0       0x13 e:/gd32vf103/nucleistudio_ide_201909/nucleistudio/toolchain/risc-v embedded gcc/bin/../lib/gcc/riscv-none-embed/8.2.0/../../../../riscv-none-embed/lib/rv32imac/ilp32\libg_nano.a(lib_a-nano-vfprintf.o)
 *fill*         0x0000000008000ac3        0x1 
 .rodata._printf_i.str1.4
                0x0000000008000ac4       0x28 e:/gd32vf103/nucleistudio_ide_201909/nucleistudio/toolchain/risc-v embedded gcc/bin/../lib/gcc/riscv-none-embed/8.2.0/../../../../riscv-none-embed/lib/rv32imac/ilp32\libg_nano.a(lib_a-nano-vfprintf_i.o)
                                         0x25 (size before relaxing)
 *(.text.unlikely .text.unlikely.*)
 *(.text.startup .text.startup.*)
 .text.startup.main
                0x0000000008000aec      0x264 ./Application/main.o
                0x0000000008000aec                main
 *(.text .text.*)
 .text._exit    0x0000000008000d50       0x3a ./RISCV/stubs/_exit.o
                0x0000000008000d50                _exit
 .text._close   0x0000000008000d8a        0x4 ./RISCV/stubs/close.o
                0x0000000008000d8a                _close
 .text._fstat   0x0000000008000d8e       0x1e ./RISCV/stubs/fstat.o
                0x0000000008000d8e                _fstat
 .text._isatty  0x0000000008000dac        0x8 ./RISCV/stubs/isatty.o
                0x0000000008000dac                _isatty
 .text._lseek   0x0000000008000db4       0x16 ./RISCV/stubs/lseek.o
                0x0000000008000db4                _lseek
 .text._read    0x0000000008000dca        0x4 ./RISCV/stubs/read.o
                0x0000000008000dca                _read
 .text._sbrk    0x0000000008000dce       0x2e ./RISCV/stubs/sbrk.o
                0x0000000008000dce                _sbrk
 .text._write   0x0000000008000dfc       0x44 ./RISCV/stubs/write.o
                0x0000000008000dfc                _write
 .text.write_hex
                0x0000000008000e40       0x74 ./RISCV/stubs/write_hex.o
                0x0000000008000e40                write_hex
 *fill*         0x0000000008000eb4        0xc 
 .text.trap     0x0000000008000ec0       0x7c ./RISCV/env_Eclipse/entry.o
                0x0000000008000ec0                trap_entry
 *fill*         0x0000000008000f3c        0x0 
 .text.irq      0x0000000008000f3c       0x72 ./RISCV/env_Eclipse/entry.o
                0x0000000008000f3c                irq_entry
 .text.handle_nmi
                0x0000000008000fae       0x18 ./RISCV/env_Eclipse/handlers.o
                0x0000000008000fae                handle_nmi
 .text.handle_trap
                0x0000000008000fc6       0x26 ./RISCV/env_Eclipse/handlers.o
                0x0000000008000fc6                handle_trap
 .text._init    0x0000000008000fec       0x18 ./RISCV/env_Eclipse/init.o
                0x0000000008000fec                _init
 .text._fini    0x0000000008001004        0x2 ./RISCV/env_Eclipse/init.o
                0x0000000008001004                _fini
 .text.get_timer_value
                0x0000000008001006       0x10 ./RISCV/drivers/n200_func.o
                0x0000000008001006                get_timer_value
 .text.eclic_init
                0x0000000008001016       0x22 ./RISCV/drivers/n200_func.o
                0x0000000008001016                eclic_init
 .text.eclic_enable_interrupt
                0x0000000008001038       0x12 ./RISCV/drivers/n200_func.o
                0x0000000008001038                eclic_enable_interrupt
 .text.eclic_set_nlbits
                0x000000000800104a       0x18 ./RISCV/drivers/n200_func.o
                0x000000000800104a                eclic_set_nlbits
 .text.eclic_get_nlbits
                0x0000000008001062        0xe ./RISCV/drivers/n200_func.o
                0x0000000008001062                eclic_get_nlbits
 .text.eclic_set_irq_lvl_abs
                0x0000000008001070       0x52 ./RISCV/drivers/n200_func.o
                0x0000000008001070                eclic_set_irq_lvl_abs
 .text.eclic_set_irq_priority
                0x00000000080010c2       0x4c ./RISCV/drivers/n200_func.o
                0x00000000080010c2                eclic_set_irq_priority
 .text.eclic_mode_enable
                0x000000000800110e       0x12 ./RISCV/drivers/n200_func.o
                0x000000000800110e                eclic_mode_enable
 .text.dac_deinit
                0x0000000008001120       0x14 ./Peripherals/Source/gd32vf103_dac.o
                0x0000000008001120                dac_deinit
 .text.dac_enable
                0x0000000008001134       0x1a ./Peripherals/Source/gd32vf103_dac.o
                0x0000000008001134                dac_enable
 .text.dac_output_buffer_enable
                0x000000000800114e       0x26 ./Peripherals/Source/gd32vf103_dac.o
                0x000000000800114e                dac_output_buffer_enable
 .text.dac_trigger_disable
                0x0000000008001174       0x28 ./Peripherals/Source/gd32vf103_dac.o
                0x0000000008001174                dac_trigger_disable
 .text.dac_wave_mode_config
                0x000000000800119c       0x32 ./Peripherals/Source/gd32vf103_dac.o
                0x000000000800119c                dac_wave_mode_config
 .text.eclic_global_interrupt_enable
                0x00000000080011ce        0x6 ./Peripherals/Source/gd32vf103_eclic.o
                0x00000000080011ce                eclic_global_interrupt_enable
 .text.eclic_irq_enable
                0x00000000080011d4       0x22 ./Peripherals/Source/gd32vf103_eclic.o
                0x00000000080011d4                eclic_irq_enable
 .text.gpio_init
                0x00000000080011f6       0xa4 ./Peripherals/Source/gd32vf103_gpio.o
                0x00000000080011f6                gpio_init
 .text.gpio_bit_set
                0x000000000800129a        0x4 ./Peripherals/Source/gd32vf103_gpio.o
                0x000000000800129a                gpio_bit_set
 .text.gpio_bit_reset
                0x000000000800129e        0x4 ./Peripherals/Source/gd32vf103_gpio.o
                0x000000000800129e                gpio_bit_reset
 .text.gpio_bit_write
                0x00000000080012a2        0xa ./Peripherals/Source/gd32vf103_gpio.o
                0x00000000080012a2                gpio_bit_write
 .text.gpio_input_bit_get
                0x00000000080012ac        0xa ./Peripherals/Source/gd32vf103_gpio.o
                0x00000000080012ac                gpio_input_bit_get
 .text.rcu_periph_clock_enable
                0x00000000080012b6       0x18 ./Peripherals/Source/gd32vf103_rcu.o
                0x00000000080012b6                rcu_periph_clock_enable
 .text.rcu_periph_reset_enable
                0x00000000080012ce       0x18 ./Peripherals/Source/gd32vf103_rcu.o
                0x00000000080012ce                rcu_periph_reset_enable
 .text.rcu_periph_reset_disable
                0x00000000080012e6       0x1c ./Peripherals/Source/gd32vf103_rcu.o
                0x00000000080012e6                rcu_periph_reset_disable
 .text.rcu_clock_freq_get
                0x0000000008001302      0x136 ./Peripherals/Source/gd32vf103_rcu.o
                0x0000000008001302                rcu_clock_freq_get
 .text.spi_struct_para_init
                0x0000000008001438       0x1a ./Peripherals/Source/gd32vf103_spi.o
                0x0000000008001438                spi_struct_para_init
 .text.spi_init
                0x0000000008001452       0x36 ./Peripherals/Source/gd32vf103_spi.o
                0x0000000008001452                spi_init
 .text.spi_enable
                0x0000000008001488        0xa ./Peripherals/Source/gd32vf103_spi.o
                0x0000000008001488                spi_enable
 .text.spi_i2s_data_transmit
                0x0000000008001492        0x4 ./Peripherals/Source/gd32vf103_spi.o
                0x0000000008001492                spi_i2s_data_transmit
 .text.spi_i2s_data_receive
                0x0000000008001496        0x8 ./Peripherals/Source/gd32vf103_spi.o
                0x0000000008001496                spi_i2s_data_receive
 .text.spi_crc_polynomial_set
                0x000000000800149e        0xc ./Peripherals/Source/gd32vf103_spi.o
                0x000000000800149e                spi_crc_polynomial_set
 .text.spi_i2s_flag_get
                0x00000000080014aa        0xa ./Peripherals/Source/gd32vf103_spi.o
                0x00000000080014aa                spi_i2s_flag_get
 .text.timer_deinit
                0x00000000080014b4       0xa2 ./Peripherals/Source/gd32vf103_timer.o
                0x00000000080014b4                timer_deinit
 .text.timer_init
                0x0000000008001556       0x8e ./Peripherals/Source/gd32vf103_timer.o
                0x0000000008001556                timer_init
 .text.timer_enable
                0x00000000080015e4        0xa ./Peripherals/Source/gd32vf103_timer.o
                0x00000000080015e4                timer_enable
 .text.timer_update_event_enable
                0x00000000080015ee        0x8 ./Peripherals/Source/gd32vf103_timer.o
                0x00000000080015ee                timer_update_event_enable
 .text.timer_update_source_config
                0x00000000080015f6       0x18 ./Peripherals/Source/gd32vf103_timer.o
                0x00000000080015f6                timer_update_source_config
 .text.timer_interrupt_enable
                0x000000000800160e        0x8 ./Peripherals/Source/gd32vf103_timer.o
                0x000000000800160e                timer_interrupt_enable
 .text.timer_interrupt_flag_get
                0x0000000008001616       0x16 ./Peripherals/Source/gd32vf103_timer.o
                0x0000000008001616                timer_interrupt_flag_get
 .text.timer_interrupt_flag_clear
                0x000000000800162c        0x8 ./Peripherals/Source/gd32vf103_timer.o
                0x000000000800162c                timer_interrupt_flag_clear
 .text.timer_flag_clear
                0x0000000008001634        0x8 ./Peripherals/Source/gd32vf103_timer.o
                0x0000000008001634                timer_flag_clear
 .text.usart_deinit
                0x000000000800163c       0x7e ./Peripherals/Source/gd32vf103_usart.o
                0x000000000800163c                usart_deinit
 .text.usart_baudrate_set
                0x00000000080016ba       0x66 ./Peripherals/Source/gd32vf103_usart.o
                0x00000000080016ba                usart_baudrate_set
 .text.usart_parity_config
                0x0000000008001720       0x10 ./Peripherals/Source/gd32vf103_usart.o
                0x0000000008001720                usart_parity_config
 .text.usart_word_length_set
                0x0000000008001730       0x12 ./Peripherals/Source/gd32vf103_usart.o
                0x0000000008001730                usart_word_length_set
 .text.usart_stop_bit_set
                0x0000000008001742       0x12 ./Peripherals/Source/gd32vf103_usart.o
                0x0000000008001742                usart_stop_bit_set
 .text.usart_enable
                0x0000000008001754        0xa ./Peripherals/Source/gd32vf103_usart.o
                0x0000000008001754                usart_enable
 .text.usart_transmit_config
                0x000000000800175e        0xa ./Peripherals/Source/gd32vf103_usart.o
                0x000000000800175e                usart_transmit_config
 .text.usart_receive_config
                0x0000000008001768        0xa ./Peripherals/Source/gd32vf103_usart.o
                0x0000000008001768                usart_receive_config
 .text.usart_data_transmit
                0x0000000008001772        0x8 ./Peripherals/Source/gd32vf103_usart.o
                0x0000000008001772                usart_data_transmit
 .text.usart_hardware_flow_rts_config
                0x000000000800177a        0xc ./Peripherals/Source/gd32vf103_usart.o
                0x000000000800177a                usart_hardware_flow_rts_config
 .text.usart_hardware_flow_cts_config
                0x0000000008001786        0xc ./Peripherals/Source/gd32vf103_usart.o
                0x0000000008001786                usart_hardware_flow_cts_config
 .text.usart_flag_get
                0x0000000008001792       0x14 ./Peripherals/Source/gd32vf103_usart.o
                0x0000000008001792                usart_flag_get
 .text.usart_interrupt_enable
                0x00000000080017a6       0x18 ./Peripherals/Source/gd32vf103_usart.o
                0x00000000080017a6                usart_interrupt_enable
 .text.SystemInit
                0x00000000080017be      0x11c ./Peripherals/system_gd32vf103.o
                0x00000000080017be                SystemInit
 .text.LCD_Writ_Bus
                0x00000000080018da       0x4c ./Application/lcd/lcd.o
                0x00000000080018da                LCD_Writ_Bus
 .text.LCD_WR_DATA8
                0x0000000008001926       0x20 ./Application/lcd/lcd.o
                0x0000000008001926                LCD_WR_DATA8
 .text.LCD_WR_DATA
                0x0000000008001946       0x2c ./Application/lcd/lcd.o
                0x0000000008001946                LCD_WR_DATA
 .text.LCD_WR_REG
                0x0000000008001972       0x20 ./Application/lcd/lcd.o
                0x0000000008001972                LCD_WR_REG
 .text.LCD_Address_Set
                0x0000000008001992       0x44 ./Application/lcd/lcd.o
                0x0000000008001992                LCD_Address_Set
 .text.spi_config
                0x00000000080019d6       0x4c ./Application/lcd/lcd.o
                0x00000000080019d6                spi_config
 .text.Lcd_Init
                0x0000000008001a22      0x204 ./Application/lcd/lcd.o
                0x0000000008001a22                Lcd_Init
 .text.LCD_Clear
                0x0000000008001c26       0x3a ./Application/lcd/lcd.o
                0x0000000008001c26                LCD_Clear
 .text.LCD_DrawPoint
                0x0000000008001c60       0x18 ./Application/lcd/lcd.o
                0x0000000008001c60                LCD_DrawPoint
 .text.LCD_ShowChar
                0x0000000008001c78       0xcc ./Application/lcd/lcd.o
                0x0000000008001c78                LCD_ShowChar
 .text.LCD_ShowString
                0x0000000008001d44       0x6a ./Application/lcd/lcd.o
                0x0000000008001d44                LCD_ShowString
 .text.LCD_ShowBmp
                0x0000000008001dae       0xf2 ./Application/lcd/lcd.o
                0x0000000008001dae                LCD_ShowBmp
 .text.ld_dword
                0x0000000008001ea0       0x1e ./Application/fatfs/ff.o
 .text.mem_cmp  0x0000000008001ebe       0x1a ./Application/fatfs/ff.o
 .text.clst2sect
                0x0000000008001ed8       0x1c ./Application/fatfs/ff.o
 .text.get_ldnumber
                0x0000000008001ef4       0x42 ./Application/fatfs/ff.o
 .text.validate
                0x0000000008001f36       0x4a ./Application/fatfs/ff.o
 .text.move_window
                0x0000000008001f80       0x3e ./Application/fatfs/ff.o
 .text.check_fs
                0x0000000008001fbe       0x80 ./Application/fatfs/ff.o
 .text.find_volume.isra.3
                0x000000000800203e      0x256 ./Application/fatfs/ff.o
 .text.get_fat.isra.4
                0x0000000008002294       0xe2 ./Application/fatfs/ff.o
 .text.dir_sdi.constprop.6
                0x0000000008002376       0x8e ./Application/fatfs/ff.o
 .text.f_mount  0x0000000008002404       0x52 ./Application/fatfs/ff.o
                0x0000000008002404                f_mount
 .text.f_open   0x0000000008002456      0x354 ./Application/fatfs/ff.o
                0x0000000008002456                f_open
 .text.f_read   0x00000000080027aa      0x170 ./Application/fatfs/ff.o
                0x00000000080027aa                f_read
 .text.f_close  0x000000000800291a       0x1c ./Application/fatfs/ff.o
                0x000000000800291a                f_close
 .text.xchg_spi
                0x0000000008002936       0x52 ./Application/fatfs/tf_card.o
 .text.wait_ready
                0x0000000008002988       0x36 ./Application/fatfs/tf_card.o
 .text.deselect
                0x00000000080029be       0x1c ./Application/fatfs/tf_card.o
 .text._select  0x00000000080029da       0x30 ./Application/fatfs/tf_card.o
 .text.send_cmd
                0x0000000008002a0a       0xaa ./Application/fatfs/tf_card.o
 .text.rcvr_datablock
                0x0000000008002ab4       0x6e ./Application/fatfs/tf_card.o
 .text.TIMER2_IRQHandler
                0x0000000008002b22        0x2 ./Application/fatfs/tf_card.o
                0x0000000008002b22                TIMER2_IRQHandler
 .text.disk_initialize
                0x0000000008002b24      0x268 ./Application/fatfs/tf_card.o
                0x0000000008002b24                disk_initialize
 .text.disk_status
                0x0000000008002d8c       0x10 ./Application/fatfs/tf_card.o
                0x0000000008002d8c                disk_status
 .text.disk_read
                0x0000000008002d9c       0x86 ./Application/fatfs/tf_card.o
                0x0000000008002d9c                disk_read
 .text.init_uart0
                0x0000000008002e22       0xb4 ./Application/main.o
                0x0000000008002e22                init_uart0
 .text.timer1_Init
                0x0000000008002ed6       0x64 ./Application/main.o
                0x0000000008002ed6                timer1_Init
 .text.DAC0_Init
                0x0000000008002f3a       0x56 ./Application/main.o
                0x0000000008002f3a                DAC0_Init
 .text.TIMER1_IRQHandler
                0x0000000008002f90       0x74 ./Application/main.o
                0x0000000008002f90                TIMER1_IRQHandler
 .text._put_char
                0x0000000008003004       0x34 ./Application/main.o
                0x0000000008003004                _put_char
 .text.delay_1ms
                0x0000000008003038       0xa4 ./Application/systick.o
                0x0000000008003038                delay_1ms
 .text.__divdf3
                0x00000000080030dc      0x5b4 e:/gd32vf103/nucleistudio_ide_201909/nucleistudio/toolchain/risc-v embedded gcc/bin/../lib/gcc/riscv-none-embed/8.2.0/rv32imac/ilp32\libgcc.a(divdf3.o)
                0x00000000080030dc                __divdf3
 .text.__ledf2  0x0000000008003690       0xb6 e:/gd32vf103/nucleistudio_ide_201909/nucleistudio/toolchain/risc-v embedded gcc/bin/../lib/gcc/riscv-none-embed/8.2.0/rv32imac/ilp32\libgcc.a(ledf2.o)
                0x0000000008003690                __ledf2
                0x0000000008003690                __ltdf2
 .text.__muldf3
                0x0000000008003746      0x4b0 e:/gd32vf103/nucleistudio_ide_201909/nucleistudio/toolchain/risc-v embedded gcc/bin/../lib/gcc/riscv-none-embed/8.2.0/rv32imac/ilp32\libgcc.a(muldf3.o)
                0x0000000008003746                __muldf3
 .text.__floatunsidf
                0x0000000008003bf6       0x66 e:/gd32vf103/nucleistudio_ide_201909/nucleistudio/toolchain/risc-v embedded gcc/bin/../lib/gcc/riscv-none-embed/8.2.0/rv32imac/ilp32\libgcc.a(floatunsidf.o)
                0x0000000008003bf6                __floatunsidf
 .text.__floatundidf
                0x0000000008003c5c      0x188 e:/gd32vf103/nucleistudio_ide_201909/nucleistudio/toolchain/risc-v embedded gcc/bin/../lib/gcc/riscv-none-embed/8.2.0/rv32imac/ilp32\libgcc.a(floatundidf.o)
                0x0000000008003c5c                __floatundidf
 .text.__clzsi2
                0x0000000008003de4       0x76 e:/gd32vf103/nucleistudio_ide_201909/nucleistudio/toolchain/risc-v embedded gcc/bin/../lib/gcc/riscv-none-embed/8.2.0/rv32imac/ilp32\libgcc.a(_clzsi2.o)
                0x0000000008003de4                __clzsi2
 .text.atexit   0x0000000008003e5a        0xa e:/gd32vf103/nucleistudio_ide_201909/nucleistudio/toolchain/risc-v embedded gcc/bin/../lib/gcc/riscv-none-embed/8.2.0/../../../../riscv-none-embed/lib/rv32imac/ilp32\libg_nano.a(lib_a-atexit.o)
                0x0000000008003e5a                atexit
 .text.exit     0x0000000008003e64       0x2c e:/gd32vf103/nucleistudio_ide_201909/nucleistudio/toolchain/risc-v embedded gcc/bin/../lib/gcc/riscv-none-embed/8.2.0/../../../../riscv-none-embed/lib/rv32imac/ilp32\libg_nano.a(lib_a-exit.o)
                0x0000000008003e64                exit
 .text.__libc_fini_array
                0x0000000008003e90       0x3a e:/gd32vf103/nucleistudio_ide_201909/nucleistudio/toolchain/risc-v embedded gcc/bin/../lib/gcc/riscv-none-embed/8.2.0/../../../../riscv-none-embed/lib/rv32imac/ilp32\libg_nano.a(lib_a-fini.o)
                0x0000000008003e90                __libc_fini_array
 .text.__libc_init_array
                0x0000000008003eca       0x6e e:/gd32vf103/nucleistudio_ide_201909/nucleistudio/toolchain/risc-v embedded gcc/bin/../lib/gcc/riscv-none-embed/8.2.0/../../../../riscv-none-embed/lib/rv32imac/ilp32\libg_nano.a(lib_a-init.o)
                0x0000000008003eca                __libc_init_array
 .text.memcpy   0x0000000008003f38       0xb6 e:/gd32vf103/nucleistudio_ide_201909/nucleistudio/toolchain/risc-v embedded gcc/bin/../lib/gcc/riscv-none-embed/8.2.0/../../../../riscv-none-embed/lib/rv32imac/ilp32\libg_nano.a(lib_a-memcpy.o)
                0x0000000008003f38                memcpy
 .text.printf   0x0000000008003fee       0x3e e:/gd32vf103/nucleistudio_ide_201909/nucleistudio/toolchain/risc-v embedded gcc/bin/../lib/gcc/riscv-none-embed/8.2.0/../../../../riscv-none-embed/lib/rv32imac/ilp32\libg_nano.a(lib_a-printf.o)
                0x0000000008003fee                iprintf
                0x0000000008003fee                printf
 .text.isatty   0x000000000800402c        0x4 e:/gd32vf103/nucleistudio_ide_201909/nucleistudio/toolchain/risc-v embedded gcc/bin/../lib/gcc/riscv-none-embed/8.2.0/../../../../riscv-none-embed/lib/rv32imac/ilp32\libg_nano.a(lib_a-sysisatty.o)
                0x000000000800402c                isatty
 .text.write    0x0000000008004030        0xe e:/gd32vf103/nucleistudio_ide_201909/nucleistudio/toolchain/risc-v embedded gcc/bin/../lib/gcc/riscv-none-embed/8.2.0/../../../../riscv-none-embed/lib/rv32imac/ilp32\libg_nano.a(lib_a-syswrite.o)
                0x0000000008004030                write
 .text._write_r
                0x000000000800403e       0x36 e:/gd32vf103/nucleistudio_ide_201909/nucleistudio/toolchain/risc-v embedded gcc/bin/../lib/gcc/riscv-none-embed/8.2.0/../../../../riscv-none-embed/lib/rv32imac/ilp32\libg_nano.a(lib_a-writer.o)
                0x000000000800403e                _write_r
 .text.__register_exitproc
                0x0000000008004074       0x88 e:/gd32vf103/nucleistudio_ide_201909/nucleistudio/toolchain/risc-v embedded gcc/bin/../lib/gcc/riscv-none-embed/8.2.0/../../../../riscv-none-embed/lib/rv32imac/ilp32\libg_nano.a(lib_a-__atexit.o)
                0x0000000008004074                __register_exitproc
 .text.__call_exitprocs
                0x00000000080040fc       0xc8 e:/gd32vf103/nucleistudio_ide_201909/nucleistudio/toolchain/risc-v embedded gcc/bin/../lib/gcc/riscv-none-embed/8.2.0/../../../../riscv-none-embed/lib/rv32imac/ilp32\libg_nano.a(lib_a-__call_atexit.o)
                0x00000000080040fc                __call_exitprocs
 .text.std      0x00000000080041c4       0x68 e:/gd32vf103/nucleistudio_ide_201909/nucleistudio/toolchain/risc-v embedded gcc/bin/../lib/gcc/riscv-none-embed/8.2.0/../../../../riscv-none-embed/lib/rv32imac/ilp32\libg_nano.a(lib_a-findfp.o)
 .text._cleanup_r
                0x000000000800422c        0xa e:/gd32vf103/nucleistudio_ide_201909/nucleistudio/toolchain/risc-v embedded gcc/bin/../lib/gcc/riscv-none-embed/8.2.0/../../../../riscv-none-embed/lib/rv32imac/ilp32\libg_nano.a(lib_a-findfp.o)
                0x000000000800422c                _cleanup_r
 .text.__sfmoreglue
                0x0000000008004236       0x44 e:/gd32vf103/nucleistudio_ide_201909/nucleistudio/toolchain/risc-v embedded gcc/bin/../lib/gcc/riscv-none-embed/8.2.0/../../../../riscv-none-embed/lib/rv32imac/ilp32\libg_nano.a(lib_a-findfp.o)
                0x0000000008004236                __sfmoreglue
 .text.__sinit  0x000000000800427a       0x70 e:/gd32vf103/nucleistudio_ide_201909/nucleistudio/toolchain/risc-v embedded gcc/bin/../lib/gcc/riscv-none-embed/8.2.0/../../../../riscv-none-embed/lib/rv32imac/ilp32\libg_nano.a(lib_a-findfp.o)
                0x000000000800427a                __sinit
 .text.__sfp    0x00000000080042ea       0xa2 e:/gd32vf103/nucleistudio_ide_201909/nucleistudio/toolchain/risc-v embedded gcc/bin/../lib/gcc/riscv-none-embed/8.2.0/../../../../riscv-none-embed/lib/rv32imac/ilp32\libg_nano.a(lib_a-findfp.o)
                0x00000000080042ea                __sfp
 .text._fwalk_reent
                0x000000000800438c       0x6c e:/gd32vf103/nucleistudio_ide_201909/nucleistudio/toolchain/risc-v embedded gcc/bin/../lib/gcc/riscv-none-embed/8.2.0/../../../../riscv-none-embed/lib/rv32imac/ilp32\libg_nano.a(lib_a-fwalk.o)
                0x000000000800438c                _fwalk_reent
 .text          0x00000000080043f8       0xa8 e:/gd32vf103/nucleistudio_ide_201909/nucleistudio/toolchain/risc-v embedded gcc/bin/../lib/gcc/riscv-none-embed/8.2.0/../../../../riscv-none-embed/lib/rv32imac/ilp32\libg_nano.a(lib_a-memset.o)
                0x00000000080043f8                memset
 .text._malloc_r
                0x00000000080044a0       0xe4 e:/gd32vf103/nucleistudio_ide_201909/nucleistudio/toolchain/risc-v embedded gcc/bin/../lib/gcc/riscv-none-embed/8.2.0/../../../../riscv-none-embed/lib/rv32imac/ilp32\libg_nano.a(lib_a-nano-mallocr.o)
                0x00000000080044a0                _malloc_r
 .text.__sfputc_r
                0x0000000008004584       0x28 e:/gd32vf103/nucleistudio_ide_201909/nucleistudio/toolchain/risc-v embedded gcc/bin/../lib/gcc/riscv-none-embed/8.2.0/../../../../riscv-none-embed/lib/rv32imac/ilp32\libg_nano.a(lib_a-nano-vfprintf.o)
 .text.__sfputs_r
                0x00000000080045ac       0x44 e:/gd32vf103/nucleistudio_ide_201909/nucleistudio/toolchain/risc-v embedded gcc/bin/../lib/gcc/riscv-none-embed/8.2.0/../../../../riscv-none-embed/lib/rv32imac/ilp32\libg_nano.a(lib_a-nano-vfprintf.o)
                0x00000000080045ac                __sfputs_r
 .text._vfprintf_r
                0x00000000080045f0      0x2a0 e:/gd32vf103/nucleistudio_ide_201909/nucleistudio/toolchain/risc-v embedded gcc/bin/../lib/gcc/riscv-none-embed/8.2.0/../../../../riscv-none-embed/lib/rv32imac/ilp32\libg_nano.a(lib_a-nano-vfprintf.o)
                0x00000000080045f0                _vfprintf_r
                0x00000000080045f0                _vfiprintf_r
 .text._printf_common
                0x0000000008004890      0x10c e:/gd32vf103/nucleistudio_ide_201909/nucleistudio/toolchain/risc-v embedded gcc/bin/../lib/gcc/riscv-none-embed/8.2.0/../../../../riscv-none-embed/lib/rv32imac/ilp32\libg_nano.a(lib_a-nano-vfprintf_i.o)
                0x0000000008004890                _printf_common
 .text._printf_i
                0x000000000800499c      0x2a4 e:/gd32vf103/nucleistudio_ide_201909/nucleistudio/toolchain/risc-v embedded gcc/bin/../lib/gcc/riscv-none-embed/8.2.0/../../../../riscv-none-embed/lib/rv32imac/ilp32\libg_nano.a(lib_a-nano-vfprintf_i.o)
                0x000000000800499c                _printf_i
 .text._sbrk_r  0x0000000008004c40       0x32 e:/gd32vf103/nucleistudio_ide_201909/nucleistudio/toolchain/risc-v embedded gcc/bin/../lib/gcc/riscv-none-embed/8.2.0/../../../../riscv-none-embed/lib/rv32imac/ilp32\libg_nano.a(lib_a-sbrkr.o)
                0x0000000008004c40                _sbrk_r
 .text.__sread  0x0000000008004c72       0x30 e:/gd32vf103/nucleistudio_ide_201909/nucleistudio/toolchain/risc-v embedded gcc/bin/../lib/gcc/riscv-none-embed/8.2.0/../../../../riscv-none-embed/lib/rv32imac/ilp32\libg_nano.a(lib_a-stdio.o)
                0x0000000008004c72                __sread
 .text.__swrite
                0x0000000008004ca2       0x50 e:/gd32vf103/nucleistudio_ide_201909/nucleistudio/toolchain/risc-v embedded gcc/bin/../lib/gcc/riscv-none-embed/8.2.0/../../../../riscv-none-embed/lib/rv32imac/ilp32\libg_nano.a(lib_a-stdio.o)
                0x0000000008004ca2                __swrite
 .text.__sseek  0x0000000008004cf2       0x36 e:/gd32vf103/nucleistudio_ide_201909/nucleistudio/toolchain/risc-v embedded gcc/bin/../lib/gcc/riscv-none-embed/8.2.0/../../../../riscv-none-embed/lib/rv32imac/ilp32\libg_nano.a(lib_a-stdio.o)
                0x0000000008004cf2                __sseek
 .text.__sclose
                0x0000000008004d28        0x6 e:/gd32vf103/nucleistudio_ide_201909/nucleistudio/toolchain/risc-v embedded gcc/bin/../lib/gcc/riscv-none-embed/8.2.0/../../../../riscv-none-embed/lib/rv32imac/ilp32\libg_nano.a(lib_a-stdio.o)
                0x0000000008004d28                __sclose
 .text.__swbuf_r
                0x0000000008004d2e       0xc2 e:/gd32vf103/nucleistudio_ide_201909/nucleistudio/toolchain/risc-v embedded gcc/bin/../lib/gcc/riscv-none-embed/8.2.0/../../../../riscv-none-embed/lib/rv32imac/ilp32\libg_nano.a(lib_a-wbuf.o)
                0x0000000008004d2e                __swbuf_r
 .text.__swsetup_r
                0x0000000008004df0      0x10e e:/gd32vf103/nucleistudio_ide_201909/nucleistudio/toolchain/risc-v embedded gcc/bin/../lib/gcc/riscv-none-embed/8.2.0/../../../../riscv-none-embed/lib/rv32imac/ilp32\libg_nano.a(lib_a-wsetup.o)
                0x0000000008004df0                __swsetup_r
 .text._close_r
                0x0000000008004efe       0x32 e:/gd32vf103/nucleistudio_ide_201909/nucleistudio/toolchain/risc-v embedded gcc/bin/../lib/gcc/riscv-none-embed/8.2.0/../../../../riscv-none-embed/lib/rv32imac/ilp32\libg_nano.a(lib_a-closer.o)
                0x0000000008004efe                _close_r
 .text.__sflush_r
                0x0000000008004f30      0x13c e:/gd32vf103/nucleistudio_ide_201909/nucleistudio/toolchain/risc-v embedded gcc/bin/../lib/gcc/riscv-none-embed/8.2.0/../../../../riscv-none-embed/lib/rv32imac/ilp32\libg_nano.a(lib_a-fflush.o)
                0x0000000008004f30                __sflush_r
 .text._fflush_r
                0x000000000800506c       0x68 e:/gd32vf103/nucleistudio_ide_201909/nucleistudio/toolchain/risc-v embedded gcc/bin/../lib/gcc/riscv-none-embed/8.2.0/../../../../riscv-none-embed/lib/rv32imac/ilp32\libg_nano.a(lib_a-fflush.o)
                0x000000000800506c                _fflush_r
 .text._lseek_r
                0x00000000080050d4       0x36 e:/gd32vf103/nucleistudio_ide_201909/nucleistudio/toolchain/risc-v embedded gcc/bin/../lib/gcc/riscv-none-embed/8.2.0/../../../../riscv-none-embed/lib/rv32imac/ilp32\libg_nano.a(lib_a-lseekr.o)
                0x00000000080050d4                _lseek_r
 .text.__swhatbuf_r
                0x000000000800510a       0x58 e:/gd32vf103/nucleistudio_ide_201909/nucleistudio/toolchain/risc-v embedded gcc/bin/../lib/gcc/riscv-none-embed/8.2.0/../../../../riscv-none-embed/lib/rv32imac/ilp32\libg_nano.a(lib_a-makebuf.o)
                0x000000000800510a                __swhatbuf_r
 .text.__smakebuf_r
                0x0000000008005162       0xa0 e:/gd32vf103/nucleistudio_ide_201909/nucleistudio/toolchain/risc-v embedded gcc/bin/../lib/gcc/riscv-none-embed/8.2.0/../../../../riscv-none-embed/lib/rv32imac/ilp32\libg_nano.a(lib_a-makebuf.o)
                0x0000000008005162                __smakebuf_r
 .text.memchr   0x0000000008005202       0x1a e:/gd32vf103/nucleistudio_ide_201909/nucleistudio/toolchain/risc-v embedded gcc/bin/../lib/gcc/riscv-none-embed/8.2.0/../../../../riscv-none-embed/lib/rv32imac/ilp32\libg_nano.a(lib_a-memchr.o)
                0x0000000008005202                memchr
 .text.__malloc_lock
                0x000000000800521c        0x2 e:/gd32vf103/nucleistudio_ide_201909/nucleistudio/toolchain/risc-v embedded gcc/bin/../lib/gcc/riscv-none-embed/8.2.0/../../../../riscv-none-embed/lib/rv32imac/ilp32\libg_nano.a(lib_a-mlock.o)
                0x000000000800521c                __malloc_lock
 .text.__malloc_unlock
                0x000000000800521e        0x2 e:/gd32vf103/nucleistudio_ide_201909/nucleistudio/toolchain/risc-v embedded gcc/bin/../lib/gcc/riscv-none-embed/8.2.0/../../../../riscv-none-embed/lib/rv32imac/ilp32\libg_nano.a(lib_a-mlock.o)
                0x000000000800521e                __malloc_unlock
 .text._free_r  0x0000000008005220       0xb0 e:/gd32vf103/nucleistudio_ide_201909/nucleistudio/toolchain/risc-v embedded gcc/bin/../lib/gcc/riscv-none-embed/8.2.0/../../../../riscv-none-embed/lib/rv32imac/ilp32\libg_nano.a(lib_a-nano-freer.o)
                0x0000000008005220                _free_r
 .text._read_r  0x00000000080052d0       0x36 e:/gd32vf103/nucleistudio_ide_201909/nucleistudio/toolchain/risc-v embedded gcc/bin/../lib/gcc/riscv-none-embed/8.2.0/../../../../riscv-none-embed/lib/rv32imac/ilp32\libg_nano.a(lib_a-readr.o)
                0x00000000080052d0                _read_r
 .text._fstat_r
                0x0000000008005306       0x34 e:/gd32vf103/nucleistudio_ide_201909/nucleistudio/toolchain/risc-v embedded gcc/bin/../lib/gcc/riscv-none-embed/8.2.0/../../../../riscv-none-embed/lib/rv32imac/ilp32\libg_nano.a(lib_a-fstatr.o)
                0x0000000008005306                _fstat_r
 .text._isatty_r
                0x000000000800533a       0x32 e:/gd32vf103/nucleistudio_ide_201909/nucleistudio/toolchain/risc-v embedded gcc/bin/../lib/gcc/riscv-none-embed/8.2.0/../../../../riscv-none-embed/lib/rv32imac/ilp32\libg_nano.a(lib_a-isattyr.o)
                0x000000000800533a                _isatty_r
 *(.gnu.linkonce.t.*)

.sdata2._global_impure_ptr
                0x000000000800536c        0x4
 .sdata2._global_impure_ptr
                0x000000000800536c        0x4 e:/gd32vf103/nucleistudio_ide_201909/nucleistudio/toolchain/risc-v embedded gcc/bin/../lib/gcc/riscv-none-embed/8.2.0/../../../../riscv-none-embed/lib/rv32imac/ilp32\libg_nano.a(lib_a-impure.o)
                0x000000000800536c                _global_impure_ptr

.rela.dyn       0x0000000008005370        0x0
 .rela.text._sbrk
                0x0000000008005370        0x0 ./RISCV/stubs/_exit.o
 .rela.sdata.curbrk.1526
                0x0000000008005370        0x0 ./RISCV/stubs/_exit.o
 .rela.text.trap
                0x0000000008005370        0x0 ./RISCV/stubs/_exit.o
 .rela.text.handle_trap
                0x0000000008005370        0x0 ./RISCV/stubs/_exit.o
 .rela.init     0x0000000008005370        0x0 ./RISCV/stubs/_exit.o
 .rela.text.__libc_fini_array
                0x0000000008005370        0x0 ./RISCV/stubs/_exit.o
 .rela.text.__libc_init_array
                0x0000000008005370        0x0 ./RISCV/stubs/_exit.o
 .rela.text._write_r
                0x0000000008005370        0x0 ./RISCV/stubs/_exit.o
 .rela.text.__register_exitproc
                0x0000000008005370        0x0 ./RISCV/stubs/_exit.o
 .rela.text._vfprintf_r
                0x0000000008005370        0x0 ./RISCV/stubs/_exit.o
 .rela.text._sbrk_r
                0x0000000008005370        0x0 ./RISCV/stubs/_exit.o
 .rela.text._close_r
                0x0000000008005370        0x0 ./RISCV/stubs/_exit.o
 .rela.text._lseek_r
                0x0000000008005370        0x0 ./RISCV/stubs/_exit.o
 .rela.text._read_r
                0x0000000008005370        0x0 ./RISCV/stubs/_exit.o
 .rela.text._fstat_r
                0x0000000008005370        0x0 ./RISCV/stubs/_exit.o
 .rela.text._isatty_r
                0x0000000008005370        0x0 ./RISCV/stubs/_exit.o

.fini
 *(SORT_NONE(.fini))
                0x0000000008005370                . = ALIGN (0x4)
                [!provide]                        PROVIDE (__etext = .)
                [!provide]                        PROVIDE (_etext = .)
                [!provide]                        PROVIDE (etext = .)
                [!provide]                        PROVIDE (_eilm = .)

.preinit_array  0x0000000008005370        0x0
                0x0000000008005370                PROVIDE (__preinit_array_start = .)
 *(.preinit_array)
                0x0000000008005370                PROVIDE (__preinit_array_end = .)

.init_array     0x0000000008005370        0x0
                0x0000000008005370                PROVIDE (__init_array_start = .)
 *(SORT_BY_INIT_PRIORITY(.init_array.*) SORT_BY_INIT_PRIORITY(.ctors.*))
 *(.init_array EXCLUDE_FILE(*crtend?.o *crtend.o *crtbegin?.o *crtbegin.o) .ctors)
                0x0000000008005370                PROVIDE (__init_array_end = .)

.fini_array     0x0000000008005370        0x0
                0x0000000008005370                PROVIDE (__fini_array_start = .)
 *(SORT_BY_INIT_PRIORITY(.fini_array.*) SORT_BY_INIT_PRIORITY(.dtors.*))
 *(.fini_array EXCLUDE_FILE(*crtend?.o *crtend.o *crtbegin?.o *crtbegin.o) .dtors)
                0x0000000008005370                PROVIDE (__fini_array_end = .)

.ctors
 *crtbegin.o(.ctors)
 *crtbegin?.o(.ctors)
 *(EXCLUDE_FILE(*crtend?.o *crtend.o) .ctors)
 *(SORT_BY_NAME(.ctors.*))
 *(.ctors)

.dtors
 *crtbegin.o(.dtors)
 *crtbegin?.o(.dtors)
 *(EXCLUDE_FILE(*crtend?.o *crtend.o) .dtors)
 *(SORT_BY_NAME(.dtors.*))
 *(.dtors)
                0x0000000008005370                . = ALIGN (0x4)
                [!provide]                        PROVIDE (_eilm = .)

.lalign         0x0000000008005370        0x0
                0x0000000008005370                . = ALIGN (0x4)
                0x0000000008005370                PROVIDE (_data_lma = .)

.dalign         0x0000000020000000        0x0 load address 0x0000000008005370
                0x0000000020000000                . = ALIGN (0x4)
                0x0000000020000000                PROVIDE (_data = .)

.data           0x0000000020000000       0x70 load address 0x0000000008005370
 *(.rdata)
 *(.gnu.linkonce.r.*)
 *(.data .data.*)
 .data.impure_data
                0x0000000020000000       0x60 e:/gd32vf103/nucleistudio_ide_201909/nucleistudio/toolchain/risc-v embedded gcc/bin/../lib/gcc/riscv-none-embed/8.2.0/../../../../riscv-none-embed/lib/rv32imac/ilp32\libg_nano.a(lib_a-impure.o)
 *(.gnu.linkonce.d.*)
                0x0000000020000060                . = ALIGN (0x8)
                0x0000000020000860                PROVIDE (__global_pointer$ = (. + 0x800))
 *(.sdata .sdata.*)
 .sdata.curbrk.1526
                0x0000000020000060        0x4 ./RISCV/stubs/sbrk.o
 .sdata.SystemCoreClock
                0x0000000020000064        0x4 ./Peripherals/system_gd32vf103.o
                0x0000000020000064                SystemCoreClock
 .sdata.Stat    0x0000000020000068        0x1 ./Application/fatfs/tf_card.o
 .sdata.wav12   0x0000000020000069        0x1 ./Application/main.o
                0x0000000020000069                wav12
 *fill*         0x000000002000006a        0x2 
 .sdata._impure_ptr
                0x000000002000006c        0x4 e:/gd32vf103/nucleistudio_ide_201909/nucleistudio/toolchain/risc-v embedded gcc/bin/../lib/gcc/riscv-none-embed/8.2.0/../../../../riscv-none-embed/lib/rv32imac/ilp32\libg_nano.a(lib_a-impure.o)
                0x000000002000006c                _impure_ptr
 *(.gnu.linkonce.s.*)
                0x0000000020000070                . = ALIGN (0x8)
 *(.srodata.cst16)
 *(.srodata.cst8)
 *(.srodata.cst4)
 *(.srodata.cst2)
 *(.srodata .srodata.*)
                0x0000000020000070                . = ALIGN (0x4)
                0x0000000020000070                PROVIDE (_edata = .)
                [!provide]                        PROVIDE (edata = .)
                [!provide]                        PROVIDE (_fbss = .)
                0x0000000020000070                PROVIDE (__bss_start = .)

.bss            0x0000000020000070     0x1028
 *(.sbss*)
 .sbss.BACK_COLOR
                0x0000000020000070        0x4 ./Application/lcd/lcd.o
                0x0000000020000070                BACK_COLOR
 .sbss.FatFs    0x0000000020000074        0x4 ./Application/fatfs/ff.o
 .sbss.Fsid     0x0000000020000078        0x2 ./Application/fatfs/ff.o
 .sbss.CardType
                0x000000002000007a        0x1 ./Application/fatfs/tf_card.o
 *fill*         0x000000002000007b        0x1 
 .sbss.delay_timer1
                0x000000002000007c        0x4 ./Application/fatfs/tf_card.o
 .sbss.delay_timer2
                0x0000000020000080        0x4 ./Application/fatfs/tf_card.o
 .sbss.flag     0x0000000020000084        0x1 ./Application/main.o
                0x0000000020000084                flag
 *fill*         0x0000000020000085        0x3 
 .sbss.wavCount
                0x0000000020000088        0x4 ./Application/main.o
                0x0000000020000088                wavCount
 .sbss._global_atexit
                0x000000002000008c        0x4 e:/gd32vf103/nucleistudio_ide_201909/nucleistudio/toolchain/risc-v embedded gcc/bin/../lib/gcc/riscv-none-embed/8.2.0/../../../../riscv-none-embed/lib/rv32imac/ilp32\libg_nano.a(lib_a-__call_atexit.o)
                0x000000002000008c                _global_atexit
 .sbss.__malloc_free_list
                0x0000000020000090        0x4 e:/gd32vf103/nucleistudio_ide_201909/nucleistudio/toolchain/risc-v embedded gcc/bin/../lib/gcc/riscv-none-embed/8.2.0/../../../../riscv-none-embed/lib/rv32imac/ilp32\libg_nano.a(lib_a-nano-mallocr.o)
                0x0000000020000090                __malloc_free_list
 .sbss.__malloc_sbrk_start
                0x0000000020000094        0x4 e:/gd32vf103/nucleistudio_ide_201909/nucleistudio/toolchain/risc-v embedded gcc/bin/../lib/gcc/riscv-none-embed/8.2.0/../../../../riscv-none-embed/lib/rv32imac/ilp32\libg_nano.a(lib_a-nano-mallocr.o)
                0x0000000020000094                __malloc_sbrk_start
 *(.gnu.linkonce.sb.*)
 *(.bss .bss.*)
 .bss.fs        0x0000000020000098      0x228 ./Application/main.o
                0x0000000020000098                fs
 .bss.image     0x00000000200002c0      0x640 ./Application/main.o
                0x00000000200002c0                image
 .bss.wav1      0x0000000020000900      0x384 ./Application/main.o
                0x0000000020000900                wav1
 .bss.wav2      0x0000000020000c84      0x384 ./Application/main.o
                0x0000000020000c84                wav2
 .bss._global_atexit0
                0x0000000020001008       0x8c e:/gd32vf103/nucleistudio_ide_201909/nucleistudio/toolchain/risc-v embedded gcc/bin/../lib/gcc/riscv-none-embed/8.2.0/../../../../riscv-none-embed/lib/rv32imac/ilp32\libg_nano.a(lib_a-__atexit.o)
 *(.gnu.linkonce.b.*)
 *(COMMON)
 COMMON         0x0000000020001094        0x4 e:/gd32vf103/nucleistudio_ide_201909/nucleistudio/toolchain/risc-v embedded gcc/bin/../lib/gcc/riscv-none-embed/8.2.0/../../../../riscv-none-embed/lib/rv32imac/ilp32\libg_nano.a(lib_a-reent.o)
                0x0000000020001094                errno
                0x0000000020001098                . = ALIGN (0x4)
                0x0000000020001098                . = ALIGN (0x8)
                0x0000000020001098                PROVIDE (_end = .)
                [!provide]                        PROVIDE (end = .)

.stack          0x0000000020007800      0x800 load address 0x0000000020001098
                0x0000000020007800                PROVIDE (_heap_end = .)
                0x0000000000000800                . = __stack_size
 *fill*         0x0000000020007800      0x800 
                0x0000000020008000                PROVIDE (_sp = .)
OUTPUT(demo.elf elf32-littleriscv)

.debug_info     0x0000000000000000    0x125a3
 .debug_info    0x0000000000000000      0x1b7 ./RISCV/stubs/_exit.o
 .debug_info    0x00000000000001b7      0x9e0 ./RISCV/stubs/close.o
 .debug_info    0x0000000000000b97      0xc41 ./RISCV/stubs/fstat.o
 .debug_info    0x00000000000017d8       0xf4 ./RISCV/stubs/isatty.o
 .debug_info    0x00000000000018cc      0xa39 ./RISCV/stubs/lseek.o
 .debug_info    0x0000000000002305      0xa14 ./RISCV/stubs/read.o
 .debug_info    0x0000000000002d19       0xbd ./RISCV/stubs/sbrk.o
 .debug_info    0x0000000000002dd6      0xbd0 ./RISCV/stubs/write.o
 .debug_info    0x00000000000039a6      0x1a4 ./RISCV/stubs/write_hex.o
 .debug_info    0x0000000000003b4a       0x22 ./RISCV/env_Eclipse/entry.o
 .debug_info    0x0000000000003b6c      0xa5e ./RISCV/env_Eclipse/handlers.o
 .debug_info    0x00000000000045ca      0xbba ./RISCV/env_Eclipse/init.o
 .debug_info    0x0000000000005184       0x26 ./RISCV/env_Eclipse/start.o
 .debug_info    0x00000000000051aa     0x1713 ./RISCV/drivers/n200_func.o
 .debug_info    0x00000000000068bd      0x628 ./Peripherals/Source/gd32vf103_dac.o
 .debug_info    0x0000000000006ee5      0x284 ./Peripherals/Source/gd32vf103_eclic.o
 .debug_info    0x0000000000007169      0x6ad ./Peripherals/Source/gd32vf103_gpio.o
 .debug_info    0x0000000000007816      0xeab ./Peripherals/Source/gd32vf103_rcu.o
 .debug_info    0x00000000000086c1      0x9d7 ./Peripherals/Source/gd32vf103_spi.o
 .debug_info    0x0000000000009098     0x159d ./Peripherals/Source/gd32vf103_timer.o
 .debug_info    0x000000000000a635      0xc1b ./Peripherals/Source/gd32vf103_usart.o
 .debug_info    0x000000000000b250      0x1f3 ./Peripherals/system_gd32vf103.o
 .debug_info    0x000000000000b443     0x2458 ./Application/lcd/lcd.o
 .debug_info    0x000000000000d89b     0x186c ./Application/fatfs/ff.o
 .debug_info    0x000000000000f107     0x17fa ./Application/fatfs/tf_card.o
 .debug_info    0x0000000000010901     0x1b79 ./Application/main.o
 .debug_info    0x000000000001247a      0x129 ./Application/systick.o

.debug_abbrev   0x0000000000000000     0x360f
 .debug_abbrev  0x0000000000000000       0xe8 ./RISCV/stubs/_exit.o
 .debug_abbrev  0x00000000000000e8      0x20b ./RISCV/stubs/close.o
 .debug_abbrev  0x00000000000002f3      0x237 ./RISCV/stubs/fstat.o
 .debug_abbrev  0x000000000000052a       0x73 ./RISCV/stubs/isatty.o
 .debug_abbrev  0x000000000000059d      0x237 ./RISCV/stubs/lseek.o
 .debug_abbrev  0x00000000000007d4      0x21c ./RISCV/stubs/read.o
 .debug_abbrev  0x00000000000009f0       0xaa ./RISCV/stubs/sbrk.o
 .debug_abbrev  0x0000000000000a9a      0x2b9 ./RISCV/stubs/write.o
 .debug_abbrev  0x0000000000000d53       0xf7 ./RISCV/stubs/write_hex.o
 .debug_abbrev  0x0000000000000e4a       0x12 ./RISCV/env_Eclipse/entry.o
 .debug_abbrev  0x0000000000000e5c      0x253 ./RISCV/env_Eclipse/handlers.o
 .debug_abbrev  0x00000000000010af      0x24a ./RISCV/env_Eclipse/init.o
 .debug_abbrev  0x00000000000012f9       0x14 ./RISCV/env_Eclipse/start.o
 .debug_abbrev  0x000000000000130d      0x517 ./RISCV/drivers/n200_func.o
 .debug_abbrev  0x0000000000001824      0x1a2 ./Peripherals/Source/gd32vf103_dac.o
 .debug_abbrev  0x00000000000019c6       0xe5 ./Peripherals/Source/gd32vf103_eclic.o
 .debug_abbrev  0x0000000000001aab      0x212 ./Peripherals/Source/gd32vf103_gpio.o
 .debug_abbrev  0x0000000000001cbd      0x225 ./Peripherals/Source/gd32vf103_rcu.o
 .debug_abbrev  0x0000000000001ee2      0x204 ./Peripherals/Source/gd32vf103_spi.o
 .debug_abbrev  0x00000000000020e6      0x28f ./Peripherals/Source/gd32vf103_timer.o
 .debug_abbrev  0x0000000000002375      0x1d5 ./Peripherals/Source/gd32vf103_usart.o
 .debug_abbrev  0x000000000000254a       0xde ./Peripherals/system_gd32vf103.o
 .debug_abbrev  0x0000000000002628      0x431 ./Application/lcd/lcd.o
 .debug_abbrev  0x0000000000002a59      0x31c ./Application/fatfs/ff.o
 .debug_abbrev  0x0000000000002d75      0x467 ./Application/fatfs/tf_card.o
 .debug_abbrev  0x00000000000031dc      0x36b ./Application/main.o
 .debug_abbrev  0x0000000000003547       0xc8 ./Application/systick.o

.debug_loc      0x0000000000000000     0x6eff
 .debug_loc     0x0000000000000000       0x1e ./RISCV/stubs/_exit.o
 .debug_loc     0x000000000000001e       0x21 ./RISCV/stubs/close.o
 .debug_loc     0x000000000000003f       0x58 ./RISCV/stubs/fstat.o
 .debug_loc     0x0000000000000097       0x2e ./RISCV/stubs/isatty.o
 .debug_loc     0x00000000000000c5       0x63 ./RISCV/stubs/lseek.o
 .debug_loc     0x0000000000000128       0x21 ./RISCV/stubs/read.o
 .debug_loc     0x0000000000000149       0x21 ./RISCV/stubs/sbrk.o
 .debug_loc     0x000000000000016a      0x150 ./RISCV/stubs/write.o
 .debug_loc     0x00000000000002ba       0xc9 ./RISCV/stubs/write_hex.o
 .debug_loc     0x0000000000000383       0x3f ./RISCV/env_Eclipse/handlers.o
 .debug_loc     0x00000000000003c2      0x8e9 ./RISCV/drivers/n200_func.o
 .debug_loc     0x0000000000000cab      0x1b3 ./Peripherals/Source/gd32vf103_dac.o
 .debug_loc     0x0000000000000e5e       0xbb ./Peripherals/Source/gd32vf103_eclic.o
 .debug_loc     0x0000000000000f19      0x43e ./Peripherals/Source/gd32vf103_gpio.o
 .debug_loc     0x0000000000001357      0xc58 ./Peripherals/Source/gd32vf103_rcu.o
 .debug_loc     0x0000000000001faf      0x4c7 ./Peripherals/Source/gd32vf103_spi.o
 .debug_loc     0x0000000000002476      0xdc9 ./Peripherals/Source/gd32vf103_timer.o
 .debug_loc     0x000000000000323f      0x703 ./Peripherals/Source/gd32vf103_usart.o
 .debug_loc     0x0000000000003942      0x173 ./Peripherals/system_gd32vf103.o
 .debug_loc     0x0000000000003ab5     0x135e ./Application/lcd/lcd.o
 .debug_loc     0x0000000000004e13     0x18cc ./Application/fatfs/ff.o
 .debug_loc     0x00000000000066df      0x70f ./Application/fatfs/tf_card.o
 .debug_loc     0x0000000000006dee       0xb5 ./Application/main.o
 .debug_loc     0x0000000000006ea3       0x5c ./Application/systick.o

.debug_aranges  0x0000000000000000      0xd60
 .debug_aranges
                0x0000000000000000       0x20 ./RISCV/stubs/_exit.o
 .debug_aranges
                0x0000000000000020       0x20 ./RISCV/stubs/close.o
 .debug_aranges
                0x0000000000000040       0x20 ./RISCV/stubs/fstat.o
 .debug_aranges
                0x0000000000000060       0x20 ./RISCV/stubs/isatty.o
 .debug_aranges
                0x0000000000000080       0x20 ./RISCV/stubs/lseek.o
 .debug_aranges
                0x00000000000000a0       0x20 ./RISCV/stubs/read.o
 .debug_aranges
                0x00000000000000c0       0x20 ./RISCV/stubs/sbrk.o
 .debug_aranges
                0x00000000000000e0       0x30 ./RISCV/stubs/write.o
 .debug_aranges
                0x0000000000000110       0x20 ./RISCV/stubs/write_hex.o
 .debug_aranges
                0x0000000000000130       0x28 ./RISCV/env_Eclipse/entry.o
 .debug_aranges
                0x0000000000000158       0x28 ./RISCV/env_Eclipse/handlers.o
 .debug_aranges
                0x0000000000000180       0x28 ./RISCV/env_Eclipse/init.o
 .debug_aranges
                0x00000000000001a8       0x20 ./RISCV/env_Eclipse/start.o
 .debug_aranges
                0x00000000000001c8      0x140 ./RISCV/drivers/n200_func.o
 .debug_aranges
                0x0000000000000308       0xd0 ./Peripherals/Source/gd32vf103_dac.o
 .debug_aranges
                0x00000000000003d8       0x50 ./Peripherals/Source/gd32vf103_eclic.o
 .debug_aranges
                0x0000000000000428       0xa0 ./Peripherals/Source/gd32vf103_gpio.o
 .debug_aranges
                0x00000000000004c8      0x160 ./Peripherals/Source/gd32vf103_rcu.o
 .debug_aranges
                0x0000000000000628      0x128 ./Peripherals/Source/gd32vf103_spi.o
 .debug_aranges
                0x0000000000000750      0x240 ./Peripherals/Source/gd32vf103_timer.o
 .debug_aranges
                0x0000000000000990      0x170 ./Peripherals/Source/gd32vf103_usart.o
 .debug_aranges
                0x0000000000000b00       0x28 ./Peripherals/system_gd32vf103.o
 .debug_aranges
                0x0000000000000b28       0xc8 ./Application/lcd/lcd.o
 .debug_aranges
                0x0000000000000bf0       0x98 ./Application/fatfs/ff.o
 .debug_aranges
                0x0000000000000c88       0x70 ./Application/fatfs/tf_card.o
 .debug_aranges
                0x0000000000000cf8       0x48 ./Application/main.o
 .debug_aranges
                0x0000000000000d40       0x20 ./Application/systick.o

.debug_ranges   0x0000000000000000      0xf40
 .debug_ranges  0x0000000000000000       0x10 ./RISCV/stubs/_exit.o
 .debug_ranges  0x0000000000000010       0x10 ./RISCV/stubs/close.o
 .debug_ranges  0x0000000000000020       0x10 ./RISCV/stubs/fstat.o
 .debug_ranges  0x0000000000000030       0x10 ./RISCV/stubs/isatty.o
 .debug_ranges  0x0000000000000040       0x10 ./RISCV/stubs/lseek.o
 .debug_ranges  0x0000000000000050       0x10 ./RISCV/stubs/read.o
 .debug_ranges  0x0000000000000060       0x10 ./RISCV/stubs/sbrk.o
 .debug_ranges  0x0000000000000070       0x40 ./RISCV/stubs/write.o
 .debug_ranges  0x00000000000000b0       0x30 ./RISCV/stubs/write_hex.o
 .debug_ranges  0x00000000000000e0       0x20 ./RISCV/env_Eclipse/entry.o
 .debug_ranges  0x0000000000000100       0x18 ./RISCV/env_Eclipse/handlers.o
 .debug_ranges  0x0000000000000118       0x18 ./RISCV/env_Eclipse/init.o
 .debug_ranges  0x0000000000000130      0x240 ./RISCV/drivers/n200_func.o
 .debug_ranges  0x0000000000000370       0xc0 ./Peripherals/Source/gd32vf103_dac.o
 .debug_ranges  0x0000000000000430       0x40 ./Peripherals/Source/gd32vf103_eclic.o
 .debug_ranges  0x0000000000000470       0x90 ./Peripherals/Source/gd32vf103_gpio.o
 .debug_ranges  0x0000000000000500      0x150 ./Peripherals/Source/gd32vf103_rcu.o
 .debug_ranges  0x0000000000000650      0x118 ./Peripherals/Source/gd32vf103_spi.o
 .debug_ranges  0x0000000000000768      0x270 ./Peripherals/Source/gd32vf103_timer.o
 .debug_ranges  0x00000000000009d8      0x160 ./Peripherals/Source/gd32vf103_usart.o
 .debug_ranges  0x0000000000000b38       0x18 ./Peripherals/system_gd32vf103.o
 .debug_ranges  0x0000000000000b50      0x110 ./Application/lcd/lcd.o
 .debug_ranges  0x0000000000000c60      0x1f0 ./Application/fatfs/ff.o
 .debug_ranges  0x0000000000000e50       0x80 ./Application/fatfs/tf_card.o
 .debug_ranges  0x0000000000000ed0       0x60 ./Application/main.o
 .debug_ranges  0x0000000000000f30       0x10 ./Application/systick.o

.debug_line     0x0000000000000000    0x10a4d
 .debug_line    0x0000000000000000      0x14c ./RISCV/stubs/_exit.o
 .debug_line    0x000000000000014c      0x194 ./RISCV/stubs/close.o
 .debug_line    0x00000000000002e0      0x2f7 ./RISCV/stubs/fstat.o
 .debug_line    0x00000000000005d7       0xda ./RISCV/stubs/isatty.o
 .debug_line    0x00000000000006b1      0x1b5 ./RISCV/stubs/lseek.o
 .debug_line    0x0000000000000866      0x1a0 ./RISCV/stubs/read.o
 .debug_line    0x0000000000000a06      0x13c ./RISCV/stubs/sbrk.o
 .debug_line    0x0000000000000b42      0x47d ./RISCV/stubs/write.o
 .debug_line    0x0000000000000fbf      0x257 ./RISCV/stubs/write_hex.o
 .debug_line    0x0000000000001216       0xd7 ./RISCV/env_Eclipse/entry.o
 .debug_line    0x00000000000012ed      0x291 ./RISCV/env_Eclipse/handlers.o
 .debug_line    0x000000000000157e      0x2d4 ./RISCV/env_Eclipse/init.o
 .debug_line    0x0000000000001852      0x175 ./RISCV/env_Eclipse/start.o
 .debug_line    0x00000000000019c7     0x12ee ./RISCV/drivers/n200_func.o
 .debug_line    0x0000000000002cb5      0xa68 ./Peripherals/Source/gd32vf103_dac.o
 .debug_line    0x000000000000371d      0x340 ./Peripherals/Source/gd32vf103_eclic.o
 .debug_line    0x0000000000003a5d      0xb00 ./Peripherals/Source/gd32vf103_gpio.o
 .debug_line    0x000000000000455d     0x14dc ./Peripherals/Source/gd32vf103_rcu.o
 .debug_line    0x0000000000005a39      0xe17 ./Peripherals/Source/gd32vf103_spi.o
 .debug_line    0x0000000000006850     0x2acd ./Peripherals/Source/gd32vf103_timer.o
 .debug_line    0x000000000000931d      0xdc0 ./Peripherals/Source/gd32vf103_usart.o
 .debug_line    0x000000000000a0dd      0x6a9 ./Peripherals/system_gd32vf103.o
 .debug_line    0x000000000000a786     0x193a ./Application/lcd/lcd.o
 .debug_line    0x000000000000c0c0     0x2833 ./Application/fatfs/ff.o
 .debug_line    0x000000000000e8f3     0x1405 ./Application/fatfs/tf_card.o
 .debug_line    0x000000000000fcf8      0xa9f ./Application/main.o
 .debug_line    0x0000000000010797      0x2b6 ./Application/systick.o

.debug_str      0x0000000000000000     0x3d6d
 .debug_str     0x0000000000000000      0x19c ./RISCV/stubs/_exit.o
                                        0x1e9 (size before relaxing)
 .debug_str     0x000000000000019c      0x3d0 ./RISCV/stubs/close.o
                                        0x5b0 (size before relaxing)
 .debug_str     0x000000000000056c      0x143 ./RISCV/stubs/fstat.o
                                        0x728 (size before relaxing)
 .debug_str     0x00000000000006af       0x20 ./RISCV/stubs/isatty.o
                                        0x1b7 (size before relaxing)
 .debug_str     0x00000000000006cf       0x17 ./RISCV/stubs/lseek.o
                                        0x5cc (size before relaxing)
 .debug_str     0x00000000000006e6       0x16 ./RISCV/stubs/read.o
                                        0x5be (size before relaxing)
 .debug_str     0x00000000000006fc       0x3c ./RISCV/stubs/sbrk.o
                                        0x142 (size before relaxing)
 .debug_str     0x0000000000000738      0x11e ./RISCV/stubs/write.o
                                        0x6dc (size before relaxing)
 .debug_str     0x0000000000000856       0x29 ./RISCV/stubs/write_hex.o
                                        0x1e2 (size before relaxing)
 .debug_str     0x000000000000087f       0x29 ./RISCV/env_Eclipse/entry.o
                                         0x4b (size before relaxing)
 .debug_str     0x00000000000008a8       0x4a ./RISCV/env_Eclipse/handlers.o
                                        0x5dc (size before relaxing)
 .debug_str     0x00000000000008f2      0x401 ./RISCV/env_Eclipse/init.o
                                        0x9ac (size before relaxing)
 .debug_str     0x0000000000000cf3       0x1d ./RISCV/env_Eclipse/start.o
                                         0x4b (size before relaxing)
 .debug_str     0x0000000000000d10      0x35f ./RISCV/drivers/n200_func.o
                                        0x983 (size before relaxing)
 .debug_str     0x000000000000106f      0x4a0 ./Peripherals/Source/gd32vf103_dac.o
                                        0x637 (size before relaxing)
 .debug_str     0x000000000000150f       0xce ./Peripherals/Source/gd32vf103_eclic.o
                                        0x2f4 (size before relaxing)
 .debug_str     0x00000000000015dd      0x201 ./Peripherals/Source/gd32vf103_gpio.o
                                        0x596 (size before relaxing)
 .debug_str     0x00000000000017de      0xa5b ./Peripherals/Source/gd32vf103_rcu.o
                                        0xe15 (size before relaxing)
 .debug_str     0x0000000000002239      0x38e ./Peripherals/Source/gd32vf103_spi.o
                                        0x762 (size before relaxing)
 .debug_str     0x00000000000025c7      0xaf4 ./Peripherals/Source/gd32vf103_timer.o
                                        0xeda (size before relaxing)
 .debug_str     0x00000000000030bb      0x4c1 ./Peripherals/Source/gd32vf103_usart.o
                                        0x956 (size before relaxing)
 .debug_str     0x000000000000357c       0x7b ./Peripherals/system_gd32vf103.o
                                        0x268 (size before relaxing)
 .debug_str     0x00000000000035f7      0x1f7 ./Application/lcd/lcd.o
                                        0xa21 (size before relaxing)
 .debug_str     0x00000000000037ee      0x3a5 ./Application/fatfs/ff.o
                                        0x56f (size before relaxing)
 .debug_str     0x0000000000003b93       0xda ./Application/fatfs/tf_card.o
                                        0xa73 (size before relaxing)
 .debug_str     0x0000000000003c6d       0xe7 ./Application/main.o
                                       0x1189 (size before relaxing)
 .debug_str     0x0000000000003d54       0x19 ./Application/systick.o
                                        0x1ee (size before relaxing)

.comment        0x0000000000000000       0x39
 .comment       0x0000000000000000       0x39 ./RISCV/stubs/_exit.o
                                         0x3a (size before relaxing)
 .comment       0x0000000000000039       0x3a ./RISCV/stubs/close.o
 .comment       0x0000000000000039       0x3a ./RISCV/stubs/fstat.o
 .comment       0x0000000000000039       0x3a ./RISCV/stubs/isatty.o
 .comment       0x0000000000000039       0x3a ./RISCV/stubs/lseek.o
 .comment       0x0000000000000039       0x3a ./RISCV/stubs/read.o
 .comment       0x0000000000000039       0x3a ./RISCV/stubs/sbrk.o
 .comment       0x0000000000000039       0x3a ./RISCV/stubs/write.o
 .comment       0x0000000000000039       0x3a ./RISCV/stubs/write_hex.o
 .comment       0x0000000000000039       0x3a ./RISCV/env_Eclipse/handlers.o
 .comment       0x0000000000000039       0x3a ./RISCV/env_Eclipse/init.o
 .comment       0x0000000000000039       0x3a ./RISCV/drivers/n200_func.o
 .comment       0x0000000000000039       0x3a ./Peripherals/Source/gd32vf103_dac.o
 .comment       0x0000000000000039       0x3a ./Peripherals/Source/gd32vf103_eclic.o
 .comment       0x0000000000000039       0x3a ./Peripherals/Source/gd32vf103_gpio.o
 .comment       0x0000000000000039       0x3a ./Peripherals/Source/gd32vf103_rcu.o
 .comment       0x0000000000000039       0x3a ./Peripherals/Source/gd32vf103_spi.o
 .comment       0x0000000000000039       0x3a ./Peripherals/Source/gd32vf103_timer.o
 .comment       0x0000000000000039       0x3a ./Peripherals/Source/gd32vf103_usart.o
 .comment       0x0000000000000039       0x3a ./Peripherals/system_gd32vf103.o
 .comment       0x0000000000000039       0x3a ./Application/lcd/lcd.o
 .comment       0x0000000000000039       0x3a ./Application/fatfs/ff.o
 .comment       0x0000000000000039       0x3a ./Application/fatfs/tf_card.o
 .comment       0x0000000000000039       0x3a ./Application/main.o
 .comment       0x0000000000000039       0x3a ./Application/systick.o

.debug_frame    0x0000000000000000     0x2a80
 .debug_frame   0x0000000000000000       0x2c ./RISCV/stubs/_exit.o
 .debug_frame   0x000000000000002c       0x20 ./RISCV/stubs/close.o
 .debug_frame   0x000000000000004c       0x30 ./RISCV/stubs/fstat.o
 .debug_frame   0x000000000000007c       0x20 ./RISCV/stubs/isatty.o
 .debug_frame   0x000000000000009c       0x2c ./RISCV/stubs/lseek.o
 .debug_frame   0x00000000000000c8       0x20 ./RISCV/stubs/read.o
 .debug_frame   0x00000000000000e8       0x20 ./RISCV/stubs/sbrk.o
 .debug_frame   0x0000000000000108       0x84 ./RISCV/stubs/write.o
 .debug_frame   0x000000000000018c       0x48 ./RISCV/stubs/write_hex.o
 .debug_frame   0x00000000000001d4       0x40 ./RISCV/env_Eclipse/handlers.o
 .debug_frame   0x0000000000000214       0x3c ./RISCV/env_Eclipse/init.o
 .debug_frame   0x0000000000000250      0x2d0 ./RISCV/drivers/n200_func.o
 .debug_frame   0x0000000000000520      0x1ac ./Peripherals/Source/gd32vf103_dac.o
 .debug_frame   0x00000000000006cc       0x90 ./Peripherals/Source/gd32vf103_eclic.o
 .debug_frame   0x000000000000075c      0x144 ./Peripherals/Source/gd32vf103_gpio.o
 .debug_frame   0x00000000000008a0      0x2e4 ./Peripherals/Source/gd32vf103_rcu.o
 .debug_frame   0x0000000000000b84      0x25c ./Peripherals/Source/gd32vf103_spi.o
 .debug_frame   0x0000000000000de0      0x4fc ./Peripherals/Source/gd32vf103_timer.o
 .debug_frame   0x00000000000012dc      0x2ec ./Peripherals/Source/gd32vf103_usart.o
 .debug_frame   0x00000000000015c8       0x30 ./Peripherals/system_gd32vf103.o
 .debug_frame   0x00000000000015f8      0x40c ./Application/lcd/lcd.o
 .debug_frame   0x0000000000001a04      0x290 ./Application/fatfs/ff.o
 .debug_frame   0x0000000000001c94      0x198 ./Application/fatfs/tf_card.o
 .debug_frame   0x0000000000001e2c       0xe4 ./Application/main.o
 .debug_frame   0x0000000000001f10       0x54 ./Application/systick.o
 .debug_frame   0x0000000000001f64       0x50 e:/gd32vf103/nucleistudio_ide_201909/nucleistudio/toolchain/risc-v embedded gcc/bin/../lib/gcc/riscv-none-embed/8.2.0/rv32imac/ilp32\libgcc.a(divdf3.o)
 .debug_frame   0x0000000000001fb4       0x20 e:/gd32vf103/nucleistudio_ide_201909/nucleistudio/toolchain/risc-v embedded gcc/bin/../lib/gcc/riscv-none-embed/8.2.0/rv32imac/ilp32\libgcc.a(ledf2.o)
 .debug_frame   0x0000000000001fd4       0x54 e:/gd32vf103/nucleistudio_ide_201909/nucleistudio/toolchain/risc-v embedded gcc/bin/../lib/gcc/riscv-none-embed/8.2.0/rv32imac/ilp32\libgcc.a(muldf3.o)
 .debug_frame   0x0000000000002028       0x38 e:/gd32vf103/nucleistudio_ide_201909/nucleistudio/toolchain/risc-v embedded gcc/bin/../lib/gcc/riscv-none-embed/8.2.0/rv32imac/ilp32\libgcc.a(floatunsidf.o)
 .debug_frame   0x0000000000002060       0x50 e:/gd32vf103/nucleistudio_ide_201909/nucleistudio/toolchain/risc-v embedded gcc/bin/../lib/gcc/riscv-none-embed/8.2.0/rv32imac/ilp32\libgcc.a(floatundidf.o)
 .debug_frame   0x00000000000020b0       0x20 e:/gd32vf103/nucleistudio_ide_201909/nucleistudio/toolchain/risc-v embedded gcc/bin/../lib/gcc/riscv-none-embed/8.2.0/rv32imac/ilp32\libgcc.a(_clzsi2.o)
 .debug_frame   0x00000000000020d0       0x20 e:/gd32vf103/nucleistudio_ide_201909/nucleistudio/toolchain/risc-v embedded gcc/bin/../lib/gcc/riscv-none-embed/8.2.0/../../../../riscv-none-embed/lib/rv32imac/ilp32\libg_nano.a(lib_a-atexit.o)
 .debug_frame   0x00000000000020f0       0x28 e:/gd32vf103/nucleistudio_ide_201909/nucleistudio/toolchain/risc-v embedded gcc/bin/../lib/gcc/riscv-none-embed/8.2.0/../../../../riscv-none-embed/lib/rv32imac/ilp32\libg_nano.a(lib_a-exit.o)
 .debug_frame   0x0000000000002118       0x38 e:/gd32vf103/nucleistudio_ide_201909/nucleistudio/toolchain/risc-v embedded gcc/bin/../lib/gcc/riscv-none-embed/8.2.0/../../../../riscv-none-embed/lib/rv32imac/ilp32\libg_nano.a(lib_a-fini.o)
 .debug_frame   0x0000000000002150       0x3c e:/gd32vf103/nucleistudio_ide_201909/nucleistudio/toolchain/risc-v embedded gcc/bin/../lib/gcc/riscv-none-embed/8.2.0/../../../../riscv-none-embed/lib/rv32imac/ilp32\libg_nano.a(lib_a-init.o)
 .debug_frame   0x000000000000218c       0x20 e:/gd32vf103/nucleistudio_ide_201909/nucleistudio/toolchain/risc-v embedded gcc/bin/../lib/gcc/riscv-none-embed/8.2.0/../../../../riscv-none-embed/lib/rv32imac/ilp32\libg_nano.a(lib_a-memcpy.o)
 .debug_frame   0x00000000000021ac       0x54 e:/gd32vf103/nucleistudio_ide_201909/nucleistudio/toolchain/risc-v embedded gcc/bin/../lib/gcc/riscv-none-embed/8.2.0/../../../../riscv-none-embed/lib/rv32imac/ilp32\libg_nano.a(lib_a-printf.o)
 .debug_frame   0x0000000000002200       0x20 e:/gd32vf103/nucleistudio_ide_201909/nucleistudio/toolchain/risc-v embedded gcc/bin/../lib/gcc/riscv-none-embed/8.2.0/../../../../riscv-none-embed/lib/rv32imac/ilp32\libg_nano.a(lib_a-sysisatty.o)
 .debug_frame   0x0000000000002220       0x20 e:/gd32vf103/nucleistudio_ide_201909/nucleistudio/toolchain/risc-v embedded gcc/bin/../lib/gcc/riscv-none-embed/8.2.0/../../../../riscv-none-embed/lib/rv32imac/ilp32\libg_nano.a(lib_a-syswrite.o)
 .debug_frame   0x0000000000002240       0x30 e:/gd32vf103/nucleistudio_ide_201909/nucleistudio/toolchain/risc-v embedded gcc/bin/../lib/gcc/riscv-none-embed/8.2.0/../../../../riscv-none-embed/lib/rv32imac/ilp32\libg_nano.a(lib_a-writer.o)
 .debug_frame   0x0000000000002270       0x20 e:/gd32vf103/nucleistudio_ide_201909/nucleistudio/toolchain/risc-v embedded gcc/bin/../lib/gcc/riscv-none-embed/8.2.0/../../../../riscv-none-embed/lib/rv32imac/ilp32\libg_nano.a(lib_a-__atexit.o)
 .debug_frame   0x0000000000002290       0x54 e:/gd32vf103/nucleistudio_ide_201909/nucleistudio/toolchain/risc-v embedded gcc/bin/../lib/gcc/riscv-none-embed/8.2.0/../../../../riscv-none-embed/lib/rv32imac/ilp32\libg_nano.a(lib_a-__call_atexit.o)
 .debug_frame   0x00000000000022e4      0x148 e:/gd32vf103/nucleistudio_ide_201909/nucleistudio/toolchain/risc-v embedded gcc/bin/../lib/gcc/riscv-none-embed/8.2.0/../../../../riscv-none-embed/lib/rv32imac/ilp32\libg_nano.a(lib_a-findfp.o)
 .debug_frame   0x000000000000242c       0x88 e:/gd32vf103/nucleistudio_ide_201909/nucleistudio/toolchain/risc-v embedded gcc/bin/../lib/gcc/riscv-none-embed/8.2.0/../../../../riscv-none-embed/lib/rv32imac/ilp32\libg_nano.a(lib_a-fwalk.o)
 .debug_frame   0x00000000000024b4       0x40 e:/gd32vf103/nucleistudio_ide_201909/nucleistudio/toolchain/risc-v embedded gcc/bin/../lib/gcc/riscv-none-embed/8.2.0/../../../../riscv-none-embed/lib/rv32imac/ilp32\libg_nano.a(lib_a-nano-mallocr.o)
 .debug_frame   0x00000000000024f4       0xd0 e:/gd32vf103/nucleistudio_ide_201909/nucleistudio/toolchain/risc-v embedded gcc/bin/../lib/gcc/riscv-none-embed/8.2.0/../../../../riscv-none-embed/lib/rv32imac/ilp32\libg_nano.a(lib_a-nano-vfprintf.o)
 .debug_frame   0x00000000000025c4       0x8c e:/gd32vf103/nucleistudio_ide_201909/nucleistudio/toolchain/risc-v embedded gcc/bin/../lib/gcc/riscv-none-embed/8.2.0/../../../../riscv-none-embed/lib/rv32imac/ilp32\libg_nano.a(lib_a-nano-vfprintf_i.o)
 .debug_frame   0x0000000000002650       0x70 e:/gd32vf103/nucleistudio_ide_201909/nucleistudio/toolchain/risc-v embedded gcc/bin/../lib/gcc/riscv-none-embed/8.2.0/../../../../riscv-none-embed/lib/rv32imac/ilp32\libg_nano.a(lib_a-reent.o)
 .debug_frame   0x00000000000026c0       0x30 e:/gd32vf103/nucleistudio_ide_201909/nucleistudio/toolchain/risc-v embedded gcc/bin/../lib/gcc/riscv-none-embed/8.2.0/../../../../riscv-none-embed/lib/rv32imac/ilp32\libg_nano.a(lib_a-sbrkr.o)
 .debug_frame   0x00000000000026f0       0xa4 e:/gd32vf103/nucleistudio_ide_201909/nucleistudio/toolchain/risc-v embedded gcc/bin/../lib/gcc/riscv-none-embed/8.2.0/../../../../riscv-none-embed/lib/rv32imac/ilp32\libg_nano.a(lib_a-stdio.o)
 .debug_frame   0x0000000000002794       0x50 e:/gd32vf103/nucleistudio_ide_201909/nucleistudio/toolchain/risc-v embedded gcc/bin/../lib/gcc/riscv-none-embed/8.2.0/../../../../riscv-none-embed/lib/rv32imac/ilp32\libg_nano.a(lib_a-wbuf.o)
 .debug_frame   0x00000000000027e4       0x3c e:/gd32vf103/nucleistudio_ide_201909/nucleistudio/toolchain/risc-v embedded gcc/bin/../lib/gcc/riscv-none-embed/8.2.0/../../../../riscv-none-embed/lib/rv32imac/ilp32\libg_nano.a(lib_a-wsetup.o)
 .debug_frame   0x0000000000002820       0x30 e:/gd32vf103/nucleistudio_ide_201909/nucleistudio/toolchain/risc-v embedded gcc/bin/../lib/gcc/riscv-none-embed/8.2.0/../../../../riscv-none-embed/lib/rv32imac/ilp32\libg_nano.a(lib_a-closer.o)
 .debug_frame   0x0000000000002850       0x7c e:/gd32vf103/nucleistudio_ide_201909/nucleistudio/toolchain/risc-v embedded gcc/bin/../lib/gcc/riscv-none-embed/8.2.0/../../../../riscv-none-embed/lib/rv32imac/ilp32\libg_nano.a(lib_a-fflush.o)
 .debug_frame   0x00000000000028cc       0x30 e:/gd32vf103/nucleistudio_ide_201909/nucleistudio/toolchain/risc-v embedded gcc/bin/../lib/gcc/riscv-none-embed/8.2.0/../../../../riscv-none-embed/lib/rv32imac/ilp32\libg_nano.a(lib_a-lseekr.o)
 .debug_frame   0x00000000000028fc       0x64 e:/gd32vf103/nucleistudio_ide_201909/nucleistudio/toolchain/risc-v embedded gcc/bin/../lib/gcc/riscv-none-embed/8.2.0/../../../../riscv-none-embed/lib/rv32imac/ilp32\libg_nano.a(lib_a-makebuf.o)
 .debug_frame   0x0000000000002960       0x20 e:/gd32vf103/nucleistudio_ide_201909/nucleistudio/toolchain/risc-v embedded gcc/bin/../lib/gcc/riscv-none-embed/8.2.0/../../../../riscv-none-embed/lib/rv32imac/ilp32\libg_nano.a(lib_a-memchr.o)
 .debug_frame   0x0000000000002980       0x30 e:/gd32vf103/nucleistudio_ide_201909/nucleistudio/toolchain/risc-v embedded gcc/bin/../lib/gcc/riscv-none-embed/8.2.0/../../../../riscv-none-embed/lib/rv32imac/ilp32\libg_nano.a(lib_a-mlock.o)
 .debug_frame   0x00000000000029b0       0x40 e:/gd32vf103/nucleistudio_ide_201909/nucleistudio/toolchain/risc-v embedded gcc/bin/../lib/gcc/riscv-none-embed/8.2.0/../../../../riscv-none-embed/lib/rv32imac/ilp32\libg_nano.a(lib_a-nano-freer.o)
 .debug_frame   0x00000000000029f0       0x30 e:/gd32vf103/nucleistudio_ide_201909/nucleistudio/toolchain/risc-v embedded gcc/bin/../lib/gcc/riscv-none-embed/8.2.0/../../../../riscv-none-embed/lib/rv32imac/ilp32\libg_nano.a(lib_a-readr.o)
 .debug_frame   0x0000000000002a20       0x30 e:/gd32vf103/nucleistudio_ide_201909/nucleistudio/toolchain/risc-v embedded gcc/bin/../lib/gcc/riscv-none-embed/8.2.0/../../../../riscv-none-embed/lib/rv32imac/ilp32\libg_nano.a(lib_a-fstatr.o)
 .debug_frame   0x0000000000002a50       0x30 e:/gd32vf103/nucleistudio_ide_201909/nucleistudio/toolchain/risc-v embedded gcc/bin/../lib/gcc/riscv-none-embed/8.2.0/../../../../riscv-none-embed/lib/rv32imac/ilp32\libg_nano.a(lib_a-isattyr.o)
